******************************************************************************
                  MSP430 Linker PC v15.12.1                    
******************************************************************************
>> Linked Tue Jul 18 20:43:52 2017

OUTPUT FILE NAME:   <456.out>
ENTRY POINT SYMBOL: "_c_int00_noargs_noexit"  address: 0000d1a6


MEMORY CONFIGURATION

         name            origin    length      used     unused   attr    fill
----------------------  --------  ---------  --------  --------  ----  --------
  SFR                   00000000   00000010  00000000  00000010  RWIX
  PERIPHERALS_8BIT      00000010   000000f0  00000000  000000f0  RWIX
  PERIPHERALS_16BIT     00000100   00000100  00000000  00000100  RWIX
  RAM                   00000200   00000200  000000d5  0000012b  RWIX
  INFOD                 00001000   00000040  00000000  00000040  RWIX
  INFOC                 00001040   00000040  00000000  00000040  RWIX
  INFOB                 00001080   00000040  00000000  00000040  RWIX
  INFOA                 000010c0   00000040  00000000  00000040  RWIX
  FLASH                 0000c000   00003fde  000014f0  00002aee  RWIX
  BSLSIGNATURE          0000ffde   00000002  00000002  00000000  RWIX  ffff 
  INT00                 0000ffe0   00000002  00000002  00000000  RWIX
  INT01                 0000ffe2   00000002  00000000  00000002  RWIX
  INT02                 0000ffe4   00000002  00000002  00000000  RWIX
  INT03                 0000ffe6   00000002  00000002  00000000  RWIX
  INT04                 0000ffe8   00000002  00000000  00000002  RWIX
  INT05                 0000ffea   00000002  00000002  00000000  RWIX
  INT06                 0000ffec   00000002  00000002  00000000  RWIX
  INT07                 0000ffee   00000002  00000002  00000000  RWIX
  INT08                 0000fff0   00000002  00000002  00000000  RWIX
  INT09                 0000fff2   00000002  00000002  00000000  RWIX
  INT10                 0000fff4   00000002  00000002  00000000  RWIX
  INT11                 0000fff6   00000002  00000002  00000000  RWIX
  INT12                 0000fff8   00000002  00000002  00000000  RWIX
  INT13                 0000fffa   00000002  00000002  00000000  RWIX
  INT14                 0000fffc   00000002  00000002  00000000  RWIX
  RESET                 0000fffe   00000002  00000002  00000000  RWIX


SECTION ALLOCATION MAP

 output                                  attributes/
section   page    origin      length       input sections
--------  ----  ----------  ----------   ----------------
.data      0    00000200    00000073     UNINITIALIZED
                  00000200    00000040     UART_Global.obj (.data:Tx_FIFO)
                  00000240    00000010     LCD_128.obj (.data:LCD_Buffer)
                  00000250    00000010     UART_Global.obj (.data:Rx_FIFO)
                  00000260    0000000c     UART_Global.obj (.data)
                  0000026c    00000004     TCA6416A.obj (.data)
                  00000270    00000003     I2C.obj (.data)

.bss       0    00000274    00000012     UNINITIALIZED
                  00000274    00000006     (.common:String5)
                  0000027a    00000004     I2C.obj (.bss)
                  0000027e    00000004     (.common:IntDeg)
                  00000282    00000004     (.common:temp)

.stack     0    000003b0    00000050     UNINITIALIZED
                  000003b0    00000002     rts430_eabi.lib : boot.obj (.stack)
                  000003b2    0000004e     --HOLE--

.text      0    0000c000    000012ca     
                  0000c000    0000053a     LCD_128.obj (.text:LCD_DisplayDigit)
                  0000c53a    00000106     main.obj (.text:LCD_Init)
                  0000c640    000000e4     HT1621.obj (.text:HT1621_init)
                  0000c724    000000d8     UART_Event.obj (.text:Command_match)
                  0000c7fc    000000b8     TCA6416A.obj (.text:PinOUT)
                  0000c8b4    000000b6     LCD_128.obj (.text:LCD_DisplayNum)
                  0000c96a    000000ac     main.obj (.text:LCD_Display)
                  0000ca16    00000090     UART_Event.obj (.text:UART_OnRx)
                  0000caa6    00000088     HT1621.obj (.text:HT1621_Reflash)
                  0000cb2e    0000006e     TCA6416A.obj (.text:TCA6416A_Init)
                  0000cb9c    0000006e     rts430_eabi.lib : autoinit.obj (.text:_auto_init)
                  0000cc0a    00000064                     : copy_decompress_rle.obj (.text:__TI_decompress_rle_core)
                  0000cc6e    00000062     main.obj (.text:main)
                  0000ccd0    0000005a     I2C.obj (.text:USCIAB0TX_ISR)
                  0000cd2a    0000005a     rts430_eabi.lib : cpy_tbl.obj (.text:copy_in)
                  0000cd84    00000058                     : div32u.obj (.text)
                  0000cddc    0000004a     DAC8411.obj (.text:write2DAC8411)
                  0000ce26    00000042     UART_FIFO.obj (.text:Tx_FIFO_WriteChar)
                  0000ce68    00000040     rts430_eabi.lib : div32s.obj (.text)
                  0000cea8    00000038     I2C.obj (.text:I2C_Init)
                  0000cee0    00000036     HT1621.obj (.text:HT1621_SendBit)
                  0000cf16    00000032     UART_FIFO.obj (.text:Rx_FIFO_WriteChar)
                  0000cf48    00000032     UART_FIFO.obj (.text:Tx_FIFO_ReadChar)
                  0000cf7a    00000030     UART_init.obj (.text:USCI_A0_init)
                  0000cfaa    0000002c     rts430_eabi.lib : asr16.obj (.text)
                  0000cfd6    0000002c                     : div16s.obj (.text)
                  0000d002    0000002c                     : lsl16.obj (.text)
                  0000d02e    0000002a     fengmingqi.obj (.text:TA0_OnTime)
                  0000d058    00000026     I2C.obj (.text:I2C_TxFrame)
                  0000d07e    00000026     rts430_eabi.lib : mult32.obj (.text)
                  0000d0a4    00000024     main.obj (.text:ADC10_init)
                  0000d0c8    00000024     UART_init.obj (.text:USCI0RX_ISR)
                  0000d0ec    00000022     I2C.obj (.text:I2C_TxFrame_ISR)
                  0000d10e    00000020     I2C.obj (.text:I2C_Tx_Init)
                  0000d12e    0000001e     I2C.obj (.text:I2C_RxFrame_ISR)
                  0000d14c    0000001e     LCD_128.obj (.text:LCD_ClearSeg)
                  0000d16a    0000001e     LCD_128.obj (.text:LCD_DisplaySeg)
                  0000d188    0000001e     main.obj (.text:delay1s)
                  0000d1a6    0000001a     rts430_eabi.lib : boot_special.obj (.text:_c_int00_noargs_noexit)
                  0000d1c0    00000018     TCA6416A.obj (.text:TCA6416_Tx_Frame)
                  0000d1d8    00000016     UART_Event.obj (.text:UART_OnTx)
                  0000d1ee    00000016     UART_Event.obj (.text:UART_SendString)
                  0000d204    00000016     rts430_eabi.lib : div16u.obj (.text)
                  0000d21a    00000014     DAC8411.obj (.text:DAC8411_Init)
                  0000d22e    00000014     UART_FIFO.obj (.text:Rx_FIFO_Clear)
                  0000d242    00000014     rts430_eabi.lib : memset.obj (.text:memset)
                  0000d256    00000014                     : mult16.obj (.text)
                  0000d26a    00000012                     : copy_decompress_none.obj (.text:decompress:none:__TI_decompress_none)
                  0000d27c    00000012                     : memcpy.obj (.text:memcpy)
                  0000d28e    00000010                     : epilog.obj (.text)
                  0000d29e    0000000a     fengmingqi.obj (.text:Time0_A_Init)
                  0000d2a8    00000008     main.obj (.text:ADC10_ISR_HOOK)
                  0000d2b0    00000008     rts430_eabi.lib : isr_trap.obj (.text:_isr:__TI_ISR_TRAP)
                  0000d2b8    00000006                     : exit.obj (.text:abort)
                  0000d2be    00000006                     : copy_decompress_rle.obj (.text:decompress:rle24:__TI_decompress_rle24)
                  0000d2c4    00000004                     : pre_init.obj (.text:_system_pre_init)
                  0000d2c8    00000002                     : startup.obj (.text:_system_post_cinit)

.binit     0    0000c000    00000000     

.const     0    0000d2ca    00000202     
                  0000d2ca    00000190     fengmingqi.obj (.const:Data1)
                  0000d45a    0000001d     UART_Event.obj (.const:.string:String4)
                  0000d477    00000001     --HOLE-- [fill = 0]
                  0000d478    0000001c     UART_Event.obj (.const:.string:String7)
                  0000d494    00000018     UART_Event.obj (.const:.string:String2)
                  0000d4ac    00000012     UART_Event.obj (.const:.string:String1)
                  0000d4be    00000009     UART_Event.obj (.const:.string:String6)
                  0000d4c7    00000001     --HOLE-- [fill = 0]
                  0000d4c8    00000004     UART_Event.obj (.const:.string:Out_DELETE)

.cinit     0    0000d4cc    00000024     
                  0000d4cc    0000000e     (.cinit..data.load) [load image, compression = rle]
                  0000d4da    00000009     (.cinit..bss.load) [load image, compression = rle]
                  0000d4e3    00000001     --HOLE-- [fill = 0]
                  0000d4e4    00000004     (__TI_handler_table)
                  0000d4e8    00000008     (__TI_cinit_table)

.init_array 
*          0    0000c000    00000000     UNINITIALIZED

TRAPINT    0    0000ffe0    00000002     
                  0000ffe0    00000002     rts430_eabi.lib : int00.obj (.int00)

PORT1      0    0000ffe4    00000002     
                  0000ffe4    00000002     rts430_eabi.lib : int02.obj (.int02)

PORT2      0    0000ffe6    00000002     
                  0000ffe6    00000002     rts430_eabi.lib : int03.obj (.int03)

$fill000   0    0000ffde    00000002     
                  0000ffde    00000002     --HOLE-- [fill = ffff]

ADC10      0    0000ffea    00000002     
                  0000ffea    00000002     main.obj (.int05)

USCIAB0TX 
*          0    0000ffec    00000002     
                  0000ffec    00000002     I2C.obj (.int06)

USCIAB0RX 
*          0    0000ffee    00000002     
                  0000ffee    00000002     UART_init.obj (.int07)

TIMER0_A1 
*          0    0000fff0    00000002     
                  0000fff0    00000002     rts430_eabi.lib : int08.obj (.int08)

TIMER0_A0 
*          0    0000fff2    00000002     
                  0000fff2    00000002     rts430_eabi.lib : int09.obj (.int09)

WDT        0    0000fff4    00000002     
                  0000fff4    00000002     rts430_eabi.lib : int10.obj (.int10)

COMPARATORA 
*          0    0000fff6    00000002     
                  0000fff6    00000002     rts430_eabi.lib : int11.obj (.int11)

TIMER1_A1 
*          0    0000fff8    00000002     
                  0000fff8    00000002     rts430_eabi.lib : int12.obj (.int12)

TIMER1_A0 
*          0    0000fffa    00000002     
                  0000fffa    00000002     rts430_eabi.lib : int13.obj (.int13)

NMI        0    0000fffc    00000002     
                  0000fffc    00000002     rts430_eabi.lib : int14.obj (.int14)

.reset     0    0000fffe    00000002     
                  0000fffe    00000002     rts430_eabi.lib : boot.obj (.reset)

MODULE SUMMARY

       Module                     code   ro data   rw data
       ------                     ----   -------   -------
    .\
       main.obj                   606    2         8      
    +--+--------------------------+------+---------+---------+
       Total:                     606    2         8      
                                                          
    .\src\
       LCD_128.obj                1580   0         16     
       UART_Event.obj             404    112       6      
       fengmingqi.obj             52     400       0      
       HT1621.obj                 418    0         0      
       TCA6416A.obj               318    0         4      
       I2C.obj                    280    2         7      
       UART_FIFO.obj              186    0         0      
       DAC8411.obj                94     0         0      
       UART_Global.obj            0      0         92     
       UART_init.obj              84     2         0      
    +--+--------------------------+------+---------+---------+
       Total:                     3416   516       125    
                                                          
    C:\ti\ccsv6\tools\compiler\ti-cgt-msp430_15.12.1.LTS\lib\rts430_eabi.lib
       autoinit.obj               110    0         0      
       copy_decompress_rle.obj    106    0         0      
       cpy_tbl.obj                90     0         0      
       div32u.obj                 88     0         0      
       div32s.obj                 64     0         0      
       asr16.obj                  44     0         0      
       div16s.obj                 44     0         0      
       lsl16.obj                  44     0         0      
       mult32.obj                 38     0         0      
       boot_special.obj           26     0         0      
       div16u.obj                 22     0         0      
       memset.obj                 20     0         0      
       mult16.obj                 20     0         0      
       copy_decompress_none.obj   18     0         0      
       memcpy.obj                 18     0         0      
       epilog.obj                 16     0         0      
       isr_trap.obj               8      0         0      
       exit.obj                   6      0         0      
       pre_init.obj               4      0         0      
       boot.obj                   0      2         0      
       int00.obj                  0      2         0      
       int02.obj                  0      2         0      
       int03.obj                  0      2         0      
       int08.obj                  0      2         0      
       int09.obj                  0      2         0      
       int10.obj                  0      2         0      
       int11.obj                  0      2         0      
       int12.obj                  0      2         0      
       int13.obj                  0      2         0      
       int14.obj                  0      2         0      
       startup.obj                2      0         0      
    +--+--------------------------+------+---------+---------+
       Total:                     788    22        0      
                                                          
       Stack:                     0      0         80     
       Linker Generated:          0      35        0      
    +--+--------------------------+------+---------+---------+
       Grand Total:               4810   575       213    


LINKER GENERATED COPY TABLES

__TI_cinit_table @ 0000d4e8 records: 2, size/record: 4, table size: 8
	.data: load addr=0000d4cc, load size=0000000e bytes, run addr=00000200, run size=00000073 bytes, compression=rle
	.bss: load addr=0000d4da, load size=00000009 bytes, run addr=00000274, run size=00000012 bytes, compression=rle


LINKER GENERATED HANDLER TABLE

__TI_handler_table @ 0000d4e4 records: 2, size/record: 2, table size: 4
	index: 0, handler: __TI_decompress_rle24
	index: 1, handler: __TI_decompress_none


GLOBAL SYMBOLS: SORTED ALPHABETICALLY BY Name 

address   name                    
-------   ----                    
0000004a  ADC10AE0                
000001b0  ADC10CTL0               
000001b2  ADC10CTL1               
00000048  ADC10DTC0               
00000049  ADC10DTC1               
000001b4  ADC10MEM                
000001bc  ADC10SA                 
0000d2a8  ADC10_ISR_HOOK          
0000d0a4  ADC10_init              
00000057  BCSCTL1                 
00000058  BCSCTL2                 
00000053  BCSCTL3                 
0000d2b8  C$$EXIT                 
00000059  CACTL1                  
0000005a  CACTL2                  
000010fb  CALBC1_12MHZ            
000010f9  CALBC1_16MHZ            
000010ff  CALBC1_1MHZ             
000010fd  CALBC1_8MHZ             
000010fa  CALDCO_12MHZ            
000010f8  CALDCO_16MHZ            
000010fe  CALDCO_1MHZ             
000010fc  CALDCO_8MHZ             
0000005b  CAPD                    
0000c724  Command_match           
0000d21a  DAC8411_Init            
00000056  DCOCTL                  
0000d2ca  Data1                   
00000128  FCTL1                   
0000012a  FCTL2                   
0000012c  FCTL3                   
0000caa6  HT1621_Reflash          
0000cee0  HT1621_SendBit          
0000c640  HT1621_init             
0000cea8  I2C_Init                
0000d12e  I2C_RxFrame_ISR         
00000272  I2C_State               
0000d058  I2C_TxFrame             
0000d0ec  I2C_TxFrame_ISR         
0000d10e  I2C_Tx_Init             
00000000  IE1                     
00000001  IE2                     
00000002  IFG1                    
00000003  IFG2                    
0000027e  IntDeg                  
00000240  LCD_Buffer              
0000d14c  LCD_ClearSeg            
0000c96a  LCD_Display             
0000c000  LCD_DisplayDigit        
0000c8b4  LCD_DisplayNum          
0000d16a  LCD_DisplaySeg          
0000c53a  LCD_Init                
0000d4c8  Out_DELETE              
00000022  P1DIR                   
00000025  P1IE                    
00000024  P1IES                   
00000023  P1IFG                   
00000020  P1IN                    
00000021  P1OUT                   
00000027  P1REN                   
00000026  P1SEL                   
00000041  P1SEL2                  
0000002a  P2DIR                   
0000002d  P2IE                    
0000002c  P2IES                   
0000002b  P2IFG                   
00000028  P2IN                    
00000029  P2OUT                   
0000002f  P2REN                   
0000002e  P2SEL                   
00000042  P2SEL2                  
0000001a  P3DIR                   
00000018  P3IN                    
00000019  P3OUT                   
00000010  P3REN                   
0000001b  P3SEL                   
00000043  P3SEL2                  
0000c7fc  PinOUT                  
00000250  Rx_FIFO                 
0000d22e  Rx_FIFO_Clear           
00000260  Rx_FIFO_DataNum         
00000262  Rx_FIFO_IndexR          
00000264  Rx_FIFO_IndexW          
0000cf16  Rx_FIFO_WriteChar       
0000d4ac  String1                 
0000d494  String2                 
0000d45a  String4                 
00000274  String5                 
0000d4be  String6                 
0000d478  String7                 
00000172  TA0CCR0                 
00000174  TA0CCR1                 
00000176  TA0CCR2                 
00000162  TA0CCTL0                
00000164  TA0CCTL1                
00000166  TA0CCTL2                
00000160  TA0CTL                  
0000012e  TA0IV                   
00000170  TA0R                    
0000d02e  TA0_OnTime              
00000192  TA1CCR0                 
00000194  TA1CCR1                 
00000196  TA1CCR2                 
00000182  TA1CCTL0                
00000184  TA1CCTL1                
00000186  TA1CCTL2                
00000180  TA1CTL                  
0000011e  TA1IV                   
00000190  TA1R                    
0000cb2e  TCA6416A_Init           
0000026c  TCA6416A_InputBuffer    
0000d1c0  TCA6416_Tx_Frame        
000010db  TLV_ADC10_1_LEN         
000010da  TLV_ADC10_1_TAG         
000010c0  TLV_CHECKSUM            
000010f7  TLV_DCO_30_LEN          
000010f6  TLV_DCO_30_TAG          
0000d29e  Time0_A_Init            
00000200  Tx_FIFO                 
00000266  Tx_FIFO_DataNum         
00000268  Tx_FIFO_IndexR          
0000026a  Tx_FIFO_IndexW          
0000cf48  Tx_FIFO_ReadChar        
0000ce26  Tx_FIFO_WriteChar       
0000ca16  UART_OnRx               
0000d1d8  UART_OnTx               
0000d1ee  UART_SendString         
0000005d  UCA0ABCTL               
00000062  UCA0BR0                 
00000063  UCA0BR1                 
00000060  UCA0CTL0                
00000061  UCA0CTL1                
0000005f  UCA0IRRCTL              
0000005e  UCA0IRTCTL              
00000064  UCA0MCTL                
00000066  UCA0RXBUF               
00000065  UCA0STAT                
00000067  UCA0TXBUF               
0000006a  UCB0BR0                 
0000006b  UCB0BR1                 
00000068  UCB0CTL0                
00000069  UCB0CTL1                
0000006c  UCB0I2CIE               
00000118  UCB0I2COA               
0000011a  UCB0I2CSA               
0000006e  UCB0RXBUF               
0000006d  UCB0STAT                
0000006f  UCB0TXBUF               
0000d0c8  USCI0RX_ISR             
0000ccd0  USCIAB0TX_ISR           
0000cf7a  USCI_A0_init            
00000120  WDTCTL                  
00000400  __STACK_END             
00000050  __STACK_SIZE            
UNDEFED   __TI_BINIT_Base         
UNDEFED   __TI_BINIT_Limit        
0000d4e8  __TI_CINIT_Base         
0000d4f0  __TI_CINIT_Limit        
0000d4e4  __TI_Handler_Table_Base 
0000d4e8  __TI_Handler_Table_Limit
UNDEFED   __TI_INITARRAY_Base     
UNDEFED   __TI_INITARRAY_Limit    
0000d2b0  __TI_ISR_TRAP           
0000d26a  __TI_decompress_none    
0000d2be  __TI_decompress_rle24   
0000ffe0  __TI_int00              
0000ffe4  __TI_int02              
0000ffe6  __TI_int03              
0000ffea  __TI_int05              
0000ffec  __TI_int06              
0000ffee  __TI_int07              
0000fff0  __TI_int08              
0000fff2  __TI_int09              
0000fff4  __TI_int10              
0000fff6  __TI_int11              
0000fff8  __TI_int12              
0000fffa  __TI_int13              
0000fffc  __TI_int14              
ffffffff  __TI_pprof_out_hndl     
ffffffff  __TI_prof_data_size     
ffffffff  __TI_prof_data_start    
ffffffff  __c_args__              
0000cfd6  __mspabi_divi           
0000ce68  __mspabi_divli          
0000d204  __mspabi_divu           
0000cd84  __mspabi_divul          
0000d29a  __mspabi_func_epilog_1  
0000d298  __mspabi_func_epilog_2  
0000d296  __mspabi_func_epilog_3  
0000d294  __mspabi_func_epilog_4  
0000d292  __mspabi_func_epilog_5  
0000d290  __mspabi_func_epilog_6  
0000d28e  __mspabi_func_epilog_7  
0000d256  __mspabi_mpyi           
0000d256  __mspabi_mpyi_sw        
0000d07e  __mspabi_mpyl           
0000d07e  __mspabi_mpyl_sw        
0000cfd6  __mspabi_remi           
0000ce68  __mspabi_remli          
0000d204  __mspabi_remu           
0000cd84  __mspabi_remul          
0000d002  __mspabi_slli           
0000d02a  __mspabi_slli_1         
0000d018  __mspabi_slli_10        
0000d016  __mspabi_slli_11        
0000d014  __mspabi_slli_12        
0000d012  __mspabi_slli_13        
0000d010  __mspabi_slli_14        
0000d00e  __mspabi_slli_15        
0000d028  __mspabi_slli_2         
0000d026  __mspabi_slli_3         
0000d024  __mspabi_slli_4         
0000d022  __mspabi_slli_5         
0000d020  __mspabi_slli_6         
0000d01e  __mspabi_slli_7         
0000d01c  __mspabi_slli_8         
0000d01a  __mspabi_slli_9         
0000cfaa  __mspabi_srai           
0000cfd2  __mspabi_srai_1         
0000cfc0  __mspabi_srai_10        
0000cfbe  __mspabi_srai_11        
0000cfbc  __mspabi_srai_12        
0000cfba  __mspabi_srai_13        
0000cfb8  __mspabi_srai_14        
0000cfb6  __mspabi_srai_15        
0000cfd0  __mspabi_srai_2         
0000cfce  __mspabi_srai_3         
0000cfcc  __mspabi_srai_4         
0000cfca  __mspabi_srai_5         
0000cfc8  __mspabi_srai_6         
0000cfc6  __mspabi_srai_7         
0000cfc4  __mspabi_srai_8         
0000cfc2  __mspabi_srai_9         
0000cb9c  _auto_init              
0000d1a6  _c_int00_noargs_noexit  
0000fffe  _reset_vector           
000003b0  _stack                  
0000d2c8  _system_post_cinit      
0000d2c4  _system_pre_init        
0000d2b8  abort                   
0000cd2a  copy_in                 
0000d188  delay1s                 
0000cc6e  main                    
0000d27c  memcpy                  
0000d242  memset                  
00000282  temp                    
0000cddc  write2DAC8411           


GLOBAL SYMBOLS: SORTED BY Symbol Address 

address   name                    
-------   ----                    
00000000  IE1                     
00000001  IE2                     
00000002  IFG1                    
00000003  IFG2                    
00000010  P3REN                   
00000018  P3IN                    
00000019  P3OUT                   
0000001a  P3DIR                   
0000001b  P3SEL                   
00000020  P1IN                    
00000021  P1OUT                   
00000022  P1DIR                   
00000023  P1IFG                   
00000024  P1IES                   
00000025  P1IE                    
00000026  P1SEL                   
00000027  P1REN                   
00000028  P2IN                    
00000029  P2OUT                   
0000002a  P2DIR                   
0000002b  P2IFG                   
0000002c  P2IES                   
0000002d  P2IE                    
0000002e  P2SEL                   
0000002f  P2REN                   
00000041  P1SEL2                  
00000042  P2SEL2                  
00000043  P3SEL2                  
00000048  ADC10DTC0               
00000049  ADC10DTC1               
0000004a  ADC10AE0                
00000050  __STACK_SIZE            
00000053  BCSCTL3                 
00000056  DCOCTL                  
00000057  BCSCTL1                 
00000058  BCSCTL2                 
00000059  CACTL1                  
0000005a  CACTL2                  
0000005b  CAPD                    
0000005d  UCA0ABCTL               
0000005e  UCA0IRTCTL              
0000005f  UCA0IRRCTL              
00000060  UCA0CTL0                
00000061  UCA0CTL1                
00000062  UCA0BR0                 
00000063  UCA0BR1                 
00000064  UCA0MCTL                
00000065  UCA0STAT                
00000066  UCA0RXBUF               
00000067  UCA0TXBUF               
00000068  UCB0CTL0                
00000069  UCB0CTL1                
0000006a  UCB0BR0                 
0000006b  UCB0BR1                 
0000006c  UCB0I2CIE               
0000006d  UCB0STAT                
0000006e  UCB0RXBUF               
0000006f  UCB0TXBUF               
00000118  UCB0I2COA               
0000011a  UCB0I2CSA               
0000011e  TA1IV                   
00000120  WDTCTL                  
00000128  FCTL1                   
0000012a  FCTL2                   
0000012c  FCTL3                   
0000012e  TA0IV                   
00000160  TA0CTL                  
00000162  TA0CCTL0                
00000164  TA0CCTL1                
00000166  TA0CCTL2                
00000170  TA0R                    
00000172  TA0CCR0                 
00000174  TA0CCR1                 
00000176  TA0CCR2                 
00000180  TA1CTL                  
00000182  TA1CCTL0                
00000184  TA1CCTL1                
00000186  TA1CCTL2                
00000190  TA1R                    
00000192  TA1CCR0                 
00000194  TA1CCR1                 
00000196  TA1CCR2                 
000001b0  ADC10CTL0               
000001b2  ADC10CTL1               
000001b4  ADC10MEM                
000001bc  ADC10SA                 
00000200  Tx_FIFO                 
00000240  LCD_Buffer              
00000250  Rx_FIFO                 
00000260  Rx_FIFO_DataNum         
00000262  Rx_FIFO_IndexR          
00000264  Rx_FIFO_IndexW          
00000266  Tx_FIFO_DataNum         
00000268  Tx_FIFO_IndexR          
0000026a  Tx_FIFO_IndexW          
0000026c  TCA6416A_InputBuffer    
00000272  I2C_State               
00000274  String5                 
0000027e  IntDeg                  
00000282  temp                    
000003b0  _stack                  
00000400  __STACK_END             
000010c0  TLV_CHECKSUM            
000010da  TLV_ADC10_1_TAG         
000010db  TLV_ADC10_1_LEN         
000010f6  TLV_DCO_30_TAG          
000010f7  TLV_DCO_30_LEN          
000010f8  CALDCO_16MHZ            
000010f9  CALBC1_16MHZ            
000010fa  CALDCO_12MHZ            
000010fb  CALBC1_12MHZ            
000010fc  CALDCO_8MHZ             
000010fd  CALBC1_8MHZ             
000010fe  CALDCO_1MHZ             
000010ff  CALBC1_1MHZ             
0000c000  LCD_DisplayDigit        
0000c53a  LCD_Init                
0000c640  HT1621_init             
0000c724  Command_match           
0000c7fc  PinOUT                  
0000c8b4  LCD_DisplayNum          
0000c96a  LCD_Display             
0000ca16  UART_OnRx               
0000caa6  HT1621_Reflash          
0000cb2e  TCA6416A_Init           
0000cb9c  _auto_init              
0000cc6e  main                    
0000ccd0  USCIAB0TX_ISR           
0000cd2a  copy_in                 
0000cd84  __mspabi_divul          
0000cd84  __mspabi_remul          
0000cddc  write2DAC8411           
0000ce26  Tx_FIFO_WriteChar       
0000ce68  __mspabi_divli          
0000ce68  __mspabi_remli          
0000cea8  I2C_Init                
0000cee0  HT1621_SendBit          
0000cf16  Rx_FIFO_WriteChar       
0000cf48  Tx_FIFO_ReadChar        
0000cf7a  USCI_A0_init            
0000cfaa  __mspabi_srai           
0000cfb6  __mspabi_srai_15        
0000cfb8  __mspabi_srai_14        
0000cfba  __mspabi_srai_13        
0000cfbc  __mspabi_srai_12        
0000cfbe  __mspabi_srai_11        
0000cfc0  __mspabi_srai_10        
0000cfc2  __mspabi_srai_9         
0000cfc4  __mspabi_srai_8         
0000cfc6  __mspabi_srai_7         
0000cfc8  __mspabi_srai_6         
0000cfca  __mspabi_srai_5         
0000cfcc  __mspabi_srai_4         
0000cfce  __mspabi_srai_3         
0000cfd0  __mspabi_srai_2         
0000cfd2  __mspabi_srai_1         
0000cfd6  __mspabi_divi           
0000cfd6  __mspabi_remi           
0000d002  __mspabi_slli           
0000d00e  __mspabi_slli_15        
0000d010  __mspabi_slli_14        
0000d012  __mspabi_slli_13        
0000d014  __mspabi_slli_12        
0000d016  __mspabi_slli_11        
0000d018  __mspabi_slli_10        
0000d01a  __mspabi_slli_9         
0000d01c  __mspabi_slli_8         
0000d01e  __mspabi_slli_7         
0000d020  __mspabi_slli_6         
0000d022  __mspabi_slli_5         
0000d024  __mspabi_slli_4         
0000d026  __mspabi_slli_3         
0000d028  __mspabi_slli_2         
0000d02a  __mspabi_slli_1         
0000d02e  TA0_OnTime              
0000d058  I2C_TxFrame             
0000d07e  __mspabi_mpyl           
0000d07e  __mspabi_mpyl_sw        
0000d0a4  ADC10_init              
0000d0c8  USCI0RX_ISR             
0000d0ec  I2C_TxFrame_ISR         
0000d10e  I2C_Tx_Init             
0000d12e  I2C_RxFrame_ISR         
0000d14c  LCD_ClearSeg            
0000d16a  LCD_DisplaySeg          
0000d188  delay1s                 
0000d1a6  _c_int00_noargs_noexit  
0000d1c0  TCA6416_Tx_Frame        
0000d1d8  UART_OnTx               
0000d1ee  UART_SendString         
0000d204  __mspabi_divu           
0000d204  __mspabi_remu           
0000d21a  DAC8411_Init            
0000d22e  Rx_FIFO_Clear           
0000d242  memset                  
0000d256  __mspabi_mpyi           
0000d256  __mspabi_mpyi_sw        
0000d26a  __TI_decompress_none    
0000d27c  memcpy                  
0000d28e  __mspabi_func_epilog_7  
0000d290  __mspabi_func_epilog_6  
0000d292  __mspabi_func_epilog_5  
0000d294  __mspabi_func_epilog_4  
0000d296  __mspabi_func_epilog_3  
0000d298  __mspabi_func_epilog_2  
0000d29a  __mspabi_func_epilog_1  
0000d29e  Time0_A_Init            
0000d2a8  ADC10_ISR_HOOK          
0000d2b0  __TI_ISR_TRAP           
0000d2b8  C$$EXIT                 
0000d2b8  abort                   
0000d2be  __TI_decompress_rle24   
0000d2c4  _system_pre_init        
0000d2c8  _system_post_cinit      
0000d2ca  Data1                   
0000d45a  String4                 
0000d478  String7                 
0000d494  String2                 
0000d4ac  String1                 
0000d4be  String6                 
0000d4c8  Out_DELETE              
0000d4e4  __TI_Handler_Table_Base 
0000d4e8  __TI_CINIT_Base         
0000d4e8  __TI_Handler_Table_Limit
0000d4f0  __TI_CINIT_Limit        
0000ffe0  __TI_int00              
0000ffe4  __TI_int02              
0000ffe6  __TI_int03              
0000ffea  __TI_int05              
0000ffec  __TI_int06              
0000ffee  __TI_int07              
0000fff0  __TI_int08              
0000fff2  __TI_int09              
0000fff4  __TI_int10              
0000fff6  __TI_int11              
0000fff8  __TI_int12              
0000fffa  __TI_int13              
0000fffc  __TI_int14              
0000fffe  _reset_vector           
ffffffff  __TI_pprof_out_hndl     
ffffffff  __TI_prof_data_size     
ffffffff  __TI_prof_data_start    
ffffffff  __c_args__              
UNDEFED   __TI_BINIT_Base         
UNDEFED   __TI_BINIT_Limit        
UNDEFED   __TI_INITARRAY_Base     
UNDEFED   __TI_INITARRAY_Limit    

[247 symbols]
